C:\Users\ashen\Desktop\fullstack-backend\fullstack-backend\src\main\java\com\codewithashen\fullstack_backend\controller\UserController.java
C:\Users\ashen\Desktop\fullstack-backend\fullstack-backend\src\main\java\com\codewithashen\fullstack_backend\exception\UserNotFoundAdvice.java
C:\Users\ashen\Desktop\fullstack-backend\fullstack-backend\src\main\java\com\codewithashen\fullstack_backend\exception\UserNotFoundException.java
C:\Users\ashen\Desktop\fullstack-backend\fullstack-backend\src\main\java\com\codewithashen\fullstack_backend\FullstackBackendApplication.java
C:\Users\ashen\Desktop\fullstack-backend\fullstack-backend\src\main\java\com\codewithashen\fullstack_backend\model\exception\UserNotFoundAdvice.java
C:\Users\ashen\Desktop\fullstack-backend\fullstack-backend\src\main\java\com\codewithashen\fullstack_backend\model\exception\UserNotFoundException.java
C:\Users\ashen\Desktop\fullstack-backend\fullstack-backend\src\main\java\com\codewithashen\fullstack_backend\model\User.java
C:\Users\ashen\Desktop\fullstack-backend\fullstack-backend\src\main\java\com\codewithashen\fullstack_backend\repository\UserRepository.java
